================================================================================
GECKO TERMINAL COLLECTOR - PERFORMANCE TEST REPORT
================================================================================
Test Start Time: 2025-08-30 16:07:26.146931
Test End Time: 2025-08-30 16:07:31.985934
Total Duration: 5.84 seconds

SUMMARY
----------------------------------------
Total Tests: 3
Passed: 3
Failed: 0
Success Rate: 100.0%

DETAILED RESULTS
----------------------------------------

BASELINE TESTS:
  [PASS] ohlcv_throughput: PASSED
  [PASS] trade_throughput: PASSED
  [PASS] batch_optimization: PASSED